G3.2 DC-GAIN HEADROOM AT THE HANDOFF | 10 specs from results/g32_repair_smoke.json | guard floor 0.0 dB
  stage 1 regenerated deterministically; dc_gain was never recorded in the run
  NO threshold is fitted or reported -- see this file's docstring

  spec  8  headroom   1.89 dB  peak  3.014 GHz  STRICT       already feasible       
Note: Transient op started
Note: Transient op finished successfully
Note: Transient op started
Note: Transient op finished successfully
Note: Transient op started
Note: Transient op finished successfully
Note: Transient op started
Note: Transient op finished successfully
Note: Transient op started
Note: Transient op finished successfully
Note: Transient op started
Note: Transient op finished successfully
Note: Transient op started
Note: Transient op finished successfully
Note: Transient op started
Note: Transient op finished successfully
Note: Transient op started
Note: Transient op finished successfully
  spec  9  headroom   n/a dB  peak   n/a GHz  not strict   case 1: guard-invalid  blocked: hard_pass: peak_in_band
Note: Transient op started
Note: Transient op finished successfully
Note: Transient op started
Note: Transient op finished successfully
Note: Transient op started
Note: Transient op finished successfully
Note: Transient op started
Note: Transient op finished successfully
Note: Transient op started
Note: Transient op finished successfully
Note: Transient op started
Note: Transient op finished successfully
Note: Transient op started
Note: Transient op finished successfully
  spec 10  headroom   7.43 dB  peak  0.952 GHz  not strict   case 2: valid handoff, blocked: hard_pass: peak_in_band
Note: Transient op started
Note: Transient op finished successfully
Note: Transient op started
Note: Transient op finished successfully
Note: Transient op started
Note: Transient op finished successfully
Note: Transient op started
Note: Transient op finished successfully
Note: Transient op started
Note: Transient op finished successfully
Note: Transient op started
Note: Transient op finished successfully
Note: Transient op started
Note: Transient op finished successfully
Note: Transient op started
Note: Transient op finished successfully
Note: Transient op started
Note: Transient op finished successfully
Note: Transient op started
Note: Transient op finished successfully
Note: Transient op started
Note: Transient op finished successfully
Note: Transient op started
Note: Transient op finished successfully
Note: Transient op started
Note: Transient op finished successfully
Note: Transient op started
Note: Transient op finished successfully
Note: Transient op started
Note: Transient op finished successfully
Note: Transient op started
Note: Transient op finished successfully
Note: Transient op started
Note: Transient op finished successfully
Note: Transient op started
Note: Transient op finished successfully
Note: Transient op started
Note: Transient op finished successfully
Note: Transient op started
Note: Transient op finished successfully
Note: Transient op started
Note: Transient op finished successfully
Note: Transient op started
Note: Transient op finished successfully
Note: Transient op started
Note: Transient op finished successfully
Note: Transient op started
Note: Transient op finished successfully
Note: Transient op started
Note: Transient op finished successfully
Note: Transient op started
Note: Transient op finished successfully
Note: Transient op started
Note: Transient op finished successfully
Note: Transient op started
Note: Transient op finished successfully
Note: Transient op started
Note: Transient op finished successfully
Note: Transient op started
Note: Transient op finished successfully
Note: Transient op started
Note: Transient op finished successfully
  spec 11  headroom   1.22 dB  peak  2.393 GHz  STRICT       already feasible       
Note: Transient op started
Note: Transient op finished successfully
Note: Transient op started
Note: Transient op finished successfully
Note: Transient op started
Note: Transient op finished successfully
Note: Transient op started
Note: Transient op finished successfully
Note: Transient op started
Note: Transient op finished successfully
Note: Transient op started
Note: Transient op finished successfully
Note: Transient op started
Note: Transient op finished successfully
Note: Transient op started
Note: Transient op finished successfully
Note: Transient op started
Note: Transient op finished successfully
  spec 12  headroom   2.59 dB  peak  1.509 GHz  STRICT       already feasible       
Note: Transient op started
Note: Transient op finished successfully
Note: Transient op started
Note: Transient op finished successfully
Note: Transient op started
Note: Transient op finished successfully
Note: Transient op started
Note: Transient op finished successfully
Note: Transient op started
Note: Transient op finished successfully
Note: Transient op started
Note: Transient op finished successfully
Note: Transient op started
Note: Transient op finished successfully
Note: Transient op started
Note: Transient op finished successfully
Note: Transient op started
Note: Transient op finished successfully
Note: Transient op started
Note: Transient op finished successfully
Note: Transient op started
Note: Transient op finished successfully
Note: Transient op started
Note: Transient op finished successfully
Note: Transient op started
Note: Transient op finished successfully
Note: Transient op started
Note: Transient op finished successfully
Note: Transient op started
Note: Transient op finished successfully
Note: Transient op started
Note: Transient op finished successfully
Note: Transient op started
Note: Transient op finished successfully
Note: Transient op started
Note: Transient op finished successfully
Note: Transient op started
Note: Transient op finished successfully
Note: Transient op started
Note: Transient op finished successfully
Note: Transient op started
Note: Transient op finished successfully
Note: Transient op started
Note: Transient op finished successfully
Note: Transient op started
Note: Transient op finished successfully
Note: Transient op started
Note: Transient op finished successfully
Note: Transient op started
Note: Transient op finished successfully
Note: Transient op started
Note: Transient op finished successfully
Note: Transient op started
Note: Transient op finished successfully
Note: Transient op started
Note: Transient op finished successfully
Note: Transient op started
Note: Transient op finished successfully
Note: Transient op started
Note: Transient op finished successfully
Note: Transient op started
Note: Transient op finished successfully
Note: Transient op started
Note: Transient op finished successfully
Note: Transient op started
Note: Transient op finished successfully
Note: Transient op started
Note: Transient op finished successfully
Note: Transient op started
Note: Transient op finished successfully
Note: Transient op started
Note: Transient op finished successfully
Note: Transient op started
Note: Transient op finished successfully
Note: Transient op started
Note: Transient op finished successfully
Note: Transient op started
Note: Transient op finished successfully
Note: Transient op started
Note: Transient op finished successfully
Note: Transient op started
Note: Transient op finished successfully
Note: Transient op started
Note: Transient op finished successfully
Note: Transient op started
Note: Transient op finished successfully
  spec 13  headroom   n/a dB  peak   n/a GHz  STRICT       already feasible       
Note: Transient op started
Note: Transient op finished successfully
Note: Transient op started
Note: Transient op finished successfully
Note: Transient op started
Note: Transient op finished successfully
Note: Transient op started
Note: Transient op finished successfully
Note: Transient op started
Note: Transient op finished successfully
Note: Transient op started
Note: Transient op finished successfully
Note: Transient op started
Note: Transient op finished successfully
Note: Transient op started
Note: Transient op finished successfully
Note: Transient op started
Note: Transient op finished successfully
Note: Transient op started
Note: Transient op finished successfully
Note: Transient op started
Note: Transient op finished successfully
Note: Transient op started
Note: Transient op finished successfully
Note: Transient op started
Note: Transient op finished successfully
Note: Transient op started
Note: Transient op finished successfully
Note: Transient op started
Note: Transient op finished successfully
Note: Transient op started
Note: Transient op finished successfully
Note: Transient op started
Note: Transient op finished successfully
Note: Transient op started
Note: Transient op finished successfully
  spec 14  headroom   4.85 dB  peak  1.599 GHz  STRICT       already feasible       
Note: Transient op started
Note: Transient op finished successfully
Note: Transient op started
Note: Transient op finished successfully
Note: Transient op started
Note: Transient op finished successfully
Note: Transient op started
Note: Transient op finished successfully
Note: Transient op started
Note: Transient op finished successfully
Note: Transient op started
Note: Transient op finished successfully
Note: Transient op started
Note: Transient op finished successfully
Note: Transient op started
Note: Transient op finished successfully
Note: Transient op started
Note: Transient op finished successfully
Note: Transient op started
Note: Transient op finished successfully
Note: Transient op started
Note: Transient op finished successfully
  spec 15  headroom   n/a dB  peak   n/a GHz  not strict   already feasible       blocked: guard: T4.10_dc_gain_implausible
Note: Transient op started
Note: Transient op finished successfully
Note: Transient op started
Note: Transient op finished successfully
Note: Transient op started
Note: Transient op finished successfully
Note: Transient op started
Note: Transient op finished successfully
Note: Transient op started
Note: Transient op finished successfully
Note: Transient op started
Note: Transient op finished successfully
Note: Transient op started
Note: Transient op finished successfully
Note: Transient op started
Note: Transient op finished successfully
Note: Transient op started
Note: Transient op finished successfully
Note: Transient op started
Note: Transient op finished successfully
Note: Transient op started
Note: Transient op finished successfully
Note: Transient op started
Note: Transient op finished successfully
Note: Transient op started
Note: Transient op finished successfully
Note: Transient op started
Note: Transient op finished successfully
Note: Transient op started
Note: Transient op finished successfully
Note: Transient op started
Note: Transient op finished successfully
Note: Transient op started
Note: Transient op finished successfully
Note: Transient op started
Note: Transient op finished successfully
Note: Transient op started
Note: Transient op finished successfully
Note: Transient op started
Note: Transient op finished successfully
Note: Transient op started
Note: Transient op finished successfully
Note: Transient op started
Note: Transient op finished successfully
Note: Transient op started
Note: Transient op finished successfully
Note: Transient op started
Note: Transient op finished successfully
Note: Transient op started
Note: Transient op finished successfully
Note: Transient op started
Note: Transient op finished successfully
Note: Transient op started
Note: Transient op finished successfully
Note: Transient op started
Note: Transient op finished successfully
Note: Transient op started
Note: Transient op finished successfully
Note: Transient op started
Note: Transient op finished successfully
Note: Transient op started
Note: Transient op finished successfully
Note: Transient op started
Note: Transient op finished successfully
Note: Transient op started
Note: Transient op finished successfully
Note: Transient op started
Note: Transient op finished successfully
Note: Transient op started
Note: Transient op finished successfully
Note: Transient op started
Note: Transient op finished successfully
Note: Transient op started
Note: Transient op finished successfully
Note: Transient op started
Note: Transient op finished successfully
  spec 16  headroom   9.62 dB  peak  0.567 GHz  not strict   case 2: valid handoff, blocked: hard_pass: peak_in_band
Note: Transient op started
Note: Transient op finished successfully
Note: Transient op started
Note: Transient op finished successfully
Note: Transient op started
Note: Transient op finished successfully
Note: Transient op started
Note: Transient op finished successfully
Note: Transient op started
Note: Transient op finished successfully
Note: Transient op started
Note: Transient op finished successfully
Note: Transient op started
Note: Transient op finished successfully
Note: Transient op started
Note: Transient op finished successfully
Note: Transient op started
Note: Transient op finished successfully
Note: Transient op started
Note: Transient op finished successfully
Note: Transient op started
Note: Transient op finished successfully
Note: Transient op started
Note: Transient op finished successfully
Note: Transient op started
Note: Transient op finished successfully
Note: Transient op started
Note: Transient op finished successfully
Note: Transient op started
Note: Transient op finished successfully
Note: Transient op started
Note: Transient op finished successfully
Note: Transient op started
Note: Transient op finished successfully
Note: Transient op started
Note: Transient op finished successfully
  spec 17  headroom   2.29 dB  peak  2.259 GHz  STRICT       already feasible       blocked: guard: T4.10_dc_gain_implausible

  3 handoff(s) were guard-INVALID, so they have no measured DC gain and no
  headroom by definition: spec 9, 13, 15. Excluded from the comparison below rather
  than scored as zero -- a guard rejection is a different failure from a tight budget.

  headroom at handoff, dB above the guard floor:
    strict-solved (n=5):     1.22, 1.89, 2.29, 2.59, 4.85
    not strict-solved (n=2): 7.43, 9.62

    ranges 1.22-4.85 vs 7.43-9.62 -- the two groups do not overlap
    DIRECTION: the NOT strict-solved group has the HIGHER headroom.
    n = 7. A split found on this many points, on the slice G3.2 was developed
    against, is a hypothesis and not a decision rule. No threshold is offered.

  the competing explanation, shown so it cannot be quietly ignored --
    handoff peak below the 1.25 GHz band edge:
      strict-solved      0 of 5
      not strict-solved  2 of 2

50 measure_all spent (analysis, not a controller arm)
wrote results/g32_headroom.json
